System started
Error: disk full
Warning: low memory
Error: connection failed
User logged in
Error: timeout
